// Jest Snapshot v1, https://goo.gl/fbAQLP

exports[`Tags renders correctly 1`] = `
<div
  className="tags"
>
  <ul
    className="tags__list"
  >
    <li
      className="tags__list-item"
    >
      <Link
        className="tags__list-item-link"
        to="/test_0"
      >
        test_0
      </Link>
    </li>
    <li
      className="tags__list-item"
    >
      <Link
        className="tags__list-item-link"
        to="/test_1"
      >
        test_1
      </Link>
    </li>
  </ul>
</div>
`;
